MPLINK 5.08, LINKER
Linker Map File - Created Wed Nov 30 15:50:02 2016

                                 Section Info
                  Section       Type    Address   Location Size(Bytes)
                ---------  ---------  ---------  ---------  ---------
                   .org_0       code   0x001000    program   0x000004
                   .cinit    romdata   0x001004    program   0x000002
                   .org_1       code   0x001008    program   0x000004
                   .org_2       code   0x001018    program   0x000004
                   .org_3       code   0x001020    program   0x0000fe



                              Program Memory Usage 
                               Start         End      
                           ---------   ---------      
                            0x001000    0x001005      
                            0x001008    0x00100b      
                            0x001018    0x00101b      
                            0x001020    0x00111d      
            268 out of 33048 program addresses used, program memory utilization is 0%



                              Symbols - Sorted by Name
                     Name    Address   Location    Storage File                     
                ---------  ---------  ---------  --------- ---------                
                    Delay   0x0010fc    program     static E:\Groep T\Industrieel Ingenieur I\Fase 3\Semester 1\Microprocessors\lab 4\Git yentl\lab4\FSM.X\AsmTemplate.asm
                    START   0x001020    program     static E:\Groep T\Industrieel Ingenieur I\Fase 3\Semester 1\Microprocessors\lab 4\Git yentl\lab4\FSM.X\AsmTemplate.asm
                calldelay   0x0010ea    program     static E:\Groep T\Industrieel Ingenieur I\Fase 3\Semester 1\Microprocessors\lab 4\Git yentl\lab4\FSM.X\AsmTemplate.asm
              choosestate   0x00106a    program     static E:\Groep T\Industrieel Ingenieur I\Fase 3\Semester 1\Microprocessors\lab 4\Git yentl\lab4\FSM.X\AsmTemplate.asm
             choosestate2   0x001076    program     static E:\Groep T\Industrieel Ingenieur I\Fase 3\Semester 1\Microprocessors\lab 4\Git yentl\lab4\FSM.X\AsmTemplate.asm
             choosestate3   0x001082    program     static E:\Groep T\Industrieel Ingenieur I\Fase 3\Semester 1\Microprocessors\lab 4\Git yentl\lab4\FSM.X\AsmTemplate.asm
             choosestate4   0x00108e    program     static E:\Groep T\Industrieel Ingenieur I\Fase 3\Semester 1\Microprocessors\lab 4\Git yentl\lab4\FSM.X\AsmTemplate.asm
               inter_high   0x001110    program     static E:\Groep T\Industrieel Ingenieur I\Fase 3\Semester 1\Microprocessors\lab 4\Git yentl\lab4\FSM.X\AsmTemplate.asm
                inter_low   0x00111a    program     static E:\Groep T\Industrieel Ingenieur I\Fase 3\Semester 1\Microprocessors\lab 4\Git yentl\lab4\FSM.X\AsmTemplate.asm
                     left   0x00104a    program     static E:\Groep T\Industrieel Ingenieur I\Fase 3\Semester 1\Microprocessors\lab 4\Git yentl\lab4\FSM.X\AsmTemplate.asm
                   state1   0x00109a    program     static E:\Groep T\Industrieel Ingenieur I\Fase 3\Semester 1\Microprocessors\lab 4\Git yentl\lab4\FSM.X\AsmTemplate.asm
                   state2   0x0010b2    program     static E:\Groep T\Industrieel Ingenieur I\Fase 3\Semester 1\Microprocessors\lab 4\Git yentl\lab4\FSM.X\AsmTemplate.asm
                   state3   0x0010c2    program     static E:\Groep T\Industrieel Ingenieur I\Fase 3\Semester 1\Microprocessors\lab 4\Git yentl\lab4\FSM.X\AsmTemplate.asm
                   state4   0x0010da    program     static E:\Groep T\Industrieel Ingenieur I\Fase 3\Semester 1\Microprocessors\lab 4\Git yentl\lab4\FSM.X\AsmTemplate.asm



                              Symbols - Sorted by Address
                     Name    Address   Location    Storage File                     
                ---------  ---------  ---------  --------- ---------                
                    START   0x001020    program     static E:\Groep T\Industrieel Ingenieur I\Fase 3\Semester 1\Microprocessors\lab 4\Git yentl\lab4\FSM.X\AsmTemplate.asm
                     left   0x00104a    program     static E:\Groep T\Industrieel Ingenieur I\Fase 3\Semester 1\Microprocessors\lab 4\Git yentl\lab4\FSM.X\AsmTemplate.asm
              choosestate   0x00106a    program     static E:\Groep T\Industrieel Ingenieur I\Fase 3\Semester 1\Microprocessors\lab 4\Git yentl\lab4\FSM.X\AsmTemplate.asm
             choosestate2   0x001076    program     static E:\Groep T\Industrieel Ingenieur I\Fase 3\Semester 1\Microprocessors\lab 4\Git yentl\lab4\FSM.X\AsmTemplate.asm
             choosestate3   0x001082    program     static E:\Groep T\Industrieel Ingenieur I\Fase 3\Semester 1\Microprocessors\lab 4\Git yentl\lab4\FSM.X\AsmTemplate.asm
             choosestate4   0x00108e    program     static E:\Groep T\Industrieel Ingenieur I\Fase 3\Semester 1\Microprocessors\lab 4\Git yentl\lab4\FSM.X\AsmTemplate.asm
                   state1   0x00109a    program     static E:\Groep T\Industrieel Ingenieur I\Fase 3\Semester 1\Microprocessors\lab 4\Git yentl\lab4\FSM.X\AsmTemplate.asm
                   state2   0x0010b2    program     static E:\Groep T\Industrieel Ingenieur I\Fase 3\Semester 1\Microprocessors\lab 4\Git yentl\lab4\FSM.X\AsmTemplate.asm
                   state3   0x0010c2    program     static E:\Groep T\Industrieel Ingenieur I\Fase 3\Semester 1\Microprocessors\lab 4\Git yentl\lab4\FSM.X\AsmTemplate.asm
                   state4   0x0010da    program     static E:\Groep T\Industrieel Ingenieur I\Fase 3\Semester 1\Microprocessors\lab 4\Git yentl\lab4\FSM.X\AsmTemplate.asm
                calldelay   0x0010ea    program     static E:\Groep T\Industrieel Ingenieur I\Fase 3\Semester 1\Microprocessors\lab 4\Git yentl\lab4\FSM.X\AsmTemplate.asm
                    Delay   0x0010fc    program     static E:\Groep T\Industrieel Ingenieur I\Fase 3\Semester 1\Microprocessors\lab 4\Git yentl\lab4\FSM.X\AsmTemplate.asm
               inter_high   0x001110    program     static E:\Groep T\Industrieel Ingenieur I\Fase 3\Semester 1\Microprocessors\lab 4\Git yentl\lab4\FSM.X\AsmTemplate.asm
                inter_low   0x00111a    program     static E:\Groep T\Industrieel Ingenieur I\Fase 3\Semester 1\Microprocessors\lab 4\Git yentl\lab4\FSM.X\AsmTemplate.asm


